Token INTEGER Line: 1, Column 1, Value: 123456789
Token INTEGER Line: 2, Column 1, Value: 12345
Token INTEGER Line: 4, Column 1, Value: 12345
Token INTEGER Line: 6, Column 1, Value: 12345
                                                                                                                                                                                                                                                                                                                                   
